127.0.0.1 - - [30/Nov/2022:00:00:09 -0800] "GET / HTTP/1.1" 200 11354
0:0:0:0:0:0:0:1 - - [30/Nov/2022:00:00:11 -0800] "GET /Assign4F/data.json HTTP/1.1" 500 6848
127.0.0.1 - - [30/Nov/2022:00:04:11 -0800] "GET / HTTP/1.1" 200 11354
0:0:0:0:0:0:0:1 - - [30/Nov/2022:00:04:13 -0800] "GET /Assign4F/data.json HTTP/1.1" 500 6416
0:0:0:0:0:0:0:1 - - [30/Nov/2022:00:28:23 -0800] "GET /Assign4F/data.json HTTP/1.1" 500 6416
127.0.0.1 - - [30/Nov/2022:00:32:52 -0800] "GET / HTTP/1.1" 200 11354
0:0:0:0:0:0:0:1 - - [30/Nov/2022:00:41:04 -0800] "GET /Assign4F/data.json HTTP/1.1" 500 6416
127.0.0.1 - - [30/Nov/2022:00:44:16 -0800] "GET / HTTP/1.1" 200 11354
0:0:0:0:0:0:0:1 - - [30/Nov/2022:00:45:13 -0800] "GET /Assign4F/data.json HTTP/1.1" 500 6388
0:0:0:0:0:0:0:1 - - [30/Nov/2022:00:53:15 -0800] "GET /Assign4F/data.json HTTP/1.1" 500 6416
0:0:0:0:0:0:0:1 - - [30/Nov/2022:01:06:47 -0800] "GET /Assign4F/data.json HTTP/1.1" 500 7012
127.0.0.1 - - [30/Nov/2022:01:17:29 -0800] "GET / HTTP/1.1" 200 11354
0:0:0:0:0:0:0:1 - - [30/Nov/2022:01:18:22 -0800] "GET /Assign4F/data.json HTTP/1.1" 500 6416
0:0:0:0:0:0:0:1 - - [30/Nov/2022:01:18:40 -0800] "GET /Assign4F/test HTTP/1.1" 200 -
127.0.0.1 - - [30/Nov/2022:01:19:17 -0800] "GET / HTTP/1.1" 200 11354
0:0:0:0:0:0:0:1 - - [30/Nov/2022:01:19:20 -0800] "GET /Assign4F/data.json HTTP/1.1" 500 6416
0:0:0:0:0:0:0:1 - - [30/Nov/2022:01:25:32 -0800] "GET /Assign4F/data.json HTTP/1.1" 500 6336
127.0.0.1 - - [30/Nov/2022:01:26:39 -0800] "GET / HTTP/1.1" 200 11354
0:0:0:0:0:0:0:1 - - [30/Nov/2022:01:26:50 -0800] "GET /Assign4F/data.json HTTP/1.1" 500 7012
0:0:0:0:0:0:0:1 - - [30/Nov/2022:01:30:36 -0800] "GET /Assign4F/data.json HTTP/1.1" 500 6416
0:0:0:0:0:0:0:1 - - [30/Nov/2022:01:39:44 -0800] "GET /Assign4F/data.json HTTP/1.1" 500 7080
0:0:0:0:0:0:0:1 - - [30/Nov/2022:01:40:15 -0800] "GET /Assign4F/data.json HTTP/1.1" 500 6416
127.0.0.1 - - [30/Nov/2022:01:40:44 -0800] "GET / HTTP/1.1" 200 11354
0:0:0:0:0:0:0:1 - - [30/Nov/2022:01:42:01 -0800] "GET /Assign4F/data.json HTTP/1.1" 500 6416
0:0:0:0:0:0:0:1 - - [30/Nov/2022:01:42:12 -0800] "GET /Assign4F/test HTTP/1.1" 200 -
0:0:0:0:0:0:0:1 - - [30/Nov/2022:01:44:41 -0800] "GET /Assign4F/data.json HTTP/1.1" 500 6416
0:0:0:0:0:0:0:1 - - [30/Nov/2022:01:44:46 -0800] "GET /Assign4F/delete HTTP/1.1" 405 725
127.0.0.1 - - [30/Nov/2022:01:49:03 -0800] "GET / HTTP/1.1" 200 11354
0:0:0:0:0:0:0:1 - - [30/Nov/2022:01:54:20 -0800] "GET /Assign4F/data.json HTTP/1.1" 500 6416
127.0.0.1 - - [30/Nov/2022:01:57:04 -0800] "GET / HTTP/1.1" 200 11354
0:0:0:0:0:0:0:1 - - [30/Nov/2022:01:57:25 -0800] "GET /Assign4F/data.json HTTP/1.1" 500 7084
127.0.0.1 - - [30/Nov/2022:02:29:09 -0800] "GET / HTTP/1.1" 200 11354
0:0:0:0:0:0:0:1 - - [30/Nov/2022:02:29:32 -0800] "GET /Assign4F/data.json HTTP/1.1" 500 14891
0:0:0:0:0:0:0:1 - - [30/Nov/2022:02:30:01 -0800] "GET /Assign4F/data.json HTTP/1.1" 500 14891
0:0:0:0:0:0:0:1 - - [30/Nov/2022:02:35:34 -0800] "GET /Assign4F/data.json HTTP/1.1" 500 14891
127.0.0.1 - - [30/Nov/2022:02:35:57 -0800] "GET / HTTP/1.1" 200 11354
0:0:0:0:0:0:0:1 - - [30/Nov/2022:02:37:06 -0800] "GET /Assign4F/data.json HTTP/1.1" 500 14891
0:0:0:0:0:0:0:1 - - [30/Nov/2022:02:38:27 -0800] "GET /Assign4F/data.json HTTP/1.1" 500 14891
0:0:0:0:0:0:0:1 - - [30/Nov/2022:02:44:54 -0800] "GET /Assign4F/data.json HTTP/1.1" 500 14891
127.0.0.1 - - [30/Nov/2022:02:48:53 -0800] "GET / HTTP/1.1" 200 11354
0:0:0:0:0:0:0:1 - - [30/Nov/2022:02:49:21 -0800] "GET /Assign4F/data.json HTTP/1.1" 500 14891
127.0.0.1 - - [30/Nov/2022:12:19:42 -0800] "GET / HTTP/1.1" 200 11354
0:0:0:0:0:0:0:1 - - [30/Nov/2022:12:20:07 -0800] "GET /Assign4F/data.json HTTP/1.1" 500 14891
127.0.0.1 - - [30/Nov/2022:12:40:45 -0800] "GET / HTTP/1.1" 200 11354
0:0:0:0:0:0:0:1 - - [30/Nov/2022:12:40:47 -0800] "GET /Assign4F/data.json HTTP/1.1" 500 6388
127.0.0.1 - - [30/Nov/2022:12:48:26 -0800] "GET / HTTP/1.1" 200 11354
0:0:0:0:0:0:0:1 - - [30/Nov/2022:12:48:29 -0800] "GET /Assign4F/data.json HTTP/1.1" 500 6416
127.0.0.1 - - [30/Nov/2022:12:49:41 -0800] "GET / HTTP/1.1" 200 11354
0:0:0:0:0:0:0:1 - - [30/Nov/2022:12:52:25 -0800] "GET /Assign4F/data.json HTTP/1.1" 500 7080
127.0.0.1 - - [30/Nov/2022:12:53:42 -0800] "GET / HTTP/1.1" 200 11354
0:0:0:0:0:0:0:1 - - [30/Nov/2022:12:57:26 -0800] "GET /Assign4F/data.json HTTP/1.1" 500 7100
127.0.0.1 - - [30/Nov/2022:12:58:05 -0800] "GET / HTTP/1.1" 200 11354
0:0:0:0:0:0:0:1 - - [30/Nov/2022:12:58:11 -0800] "GET /Assign4F/data.json HTTP/1.1" 500 6416
127.0.0.1 - - [30/Nov/2022:13:00:32 -0800] "GET / HTTP/1.1" 200 11354
0:0:0:0:0:0:0:1 - - [30/Nov/2022:13:00:33 -0800] "GET /Assign4F/data.json HTTP/1.1" 500 6388
127.0.0.1 - - [30/Nov/2022:13:08:04 -0800] "GET / HTTP/1.1" 200 11354
0:0:0:0:0:0:0:1 - - [30/Nov/2022:13:08:17 -0800] "GET /Assign4F/data.json HTTP/1.1" 500 6388
127.0.0.1 - - [30/Nov/2022:13:23:23 -0800] "GET / HTTP/1.1" 200 11354
0:0:0:0:0:0:0:1 - - [30/Nov/2022:13:23:35 -0800] "GET /Assign4F/data.json HTTP/1.1" 500 7272
0:0:0:0:0:0:0:1 - - [30/Nov/2022:13:24:31 -0800] "GET /Assign4F/data.json HTTP/1.1" 500 7272
127.0.0.1 - - [30/Nov/2022:13:24:58 -0800] "GET / HTTP/1.1" 200 11354
0:0:0:0:0:0:0:1 - - [30/Nov/2022:13:25:40 -0800] "GET /Assign4F/data.json HTTP/1.1" 500 7272
0:0:0:0:0:0:0:1 - - [30/Nov/2022:13:27:34 -0800] "GET /Assign4F/data.json HTTP/1.1" 500 7272
127.0.0.1 - - [30/Nov/2022:13:29:35 -0800] "GET / HTTP/1.1" 200 11354
0:0:0:0:0:0:0:1 - - [30/Nov/2022:13:30:01 -0800] "GET /Assign4F/data.json HTTP/1.1" 500 6464
0:0:0:0:0:0:0:1 - - [30/Nov/2022:13:34:50 -0800] "GET /Assign4F/data.json HTTP/1.1" 500 7272
0:0:0:0:0:0:0:1 - - [30/Nov/2022:13:36:22 -0800] "GET /Assign4F/data.json HTTP/1.1" 500 6388
127.0.0.1 - - [30/Nov/2022:14:02:05 -0800] "GET / HTTP/1.1" 200 11354
0:0:0:0:0:0:0:1 - - [30/Nov/2022:14:02:51 -0800] "GET /Assign4F/data.json HTTP/1.1" 500 6416
0:0:0:0:0:0:0:1 - - [30/Nov/2022:14:06:59 -0800] "GET /Assign4F/data.json HTTP/1.1" 500 6388
127.0.0.1 - - [30/Nov/2022:14:12:34 -0800] "GET / HTTP/1.1" 200 11354
0:0:0:0:0:0:0:1 - - [30/Nov/2022:14:12:37 -0800] "GET /Assign4F/data.json HTTP/1.1" 200 102
0:0:0:0:0:0:0:1 - - [30/Nov/2022:14:12:57 -0800] "GET /Assign4F/test HTTP/1.1" 200 -
0:0:0:0:0:0:0:1 - - [30/Nov/2022:14:14:48 -0800] "GET /Assign4F/data.json HTTP/1.1" 200 102
0:0:0:0:0:0:0:1 - - [30/Nov/2022:14:14:52 -0800] "GET /Assign4F/test HTTP/1.1" 200 -
127.0.0.1 - - [30/Nov/2022:14:30:21 -0800] "GET / HTTP/1.1" 200 11354
0:0:0:0:0:0:0:1 - - [30/Nov/2022:14:30:28 -0800] "GET /Assign4F/test HTTP/1.1" 500 716
0:0:0:0:0:0:0:1 - - [30/Nov/2022:14:30:57 -0800] "GET /Assign4F/test HTTP/1.1" 200 755
0:0:0:0:0:0:0:1 - - [30/Nov/2022:14:35:33 -0800] "POST /Assign4F/add%0A HTTP/1.1" 405 725
0:0:0:0:0:0:0:1 - - [30/Nov/2022:14:38:29 -0800] "POST /Assign4F/add%0A HTTP/1.1" 405 725
0:0:0:0:0:0:0:1 - - [30/Nov/2022:14:38:35 -0800] "GET /Assign4F/add HTTP/1.1" 405 725
0:0:0:0:0:0:0:1 - - [30/Nov/2022:14:41:09 -0800] "POST /Assign4F/add%0A HTTP/1.1" 405 725
0:0:0:0:0:0:0:1 - - [30/Nov/2022:14:41:53 -0800] "GET /Assign4F/add%0A HTTP/1.1" 500 6165
0:0:0:0:0:0:0:1 - - [30/Nov/2022:14:41:56 -0800] "GET /Assign4F/add%0A HTTP/1.1" 500 6165
127.0.0.1 - - [30/Nov/2022:14:42:46 -0800] "GET / HTTP/1.1" 200 11354
0:0:0:0:0:0:0:1 - - [30/Nov/2022:14:42:55 -0800] "GET /Assign4F/add%0A HTTP/1.1" 500 6165
0:0:0:0:0:0:0:1 - - [30/Nov/2022:14:52:57 -0800] "GET /Assign4F/add%0A HTTP/1.1" 500 6165
0:0:0:0:0:0:0:1 - - [30/Nov/2022:14:53:01 -0800] "POST /Assign4F/add%0A HTTP/1.1" 405 725
0:0:0:0:0:0:0:1 - - [30/Nov/2022:15:01:00 -0800] "GET /Assign4F/headers HTTP/1.1" 200 105
0:0:0:0:0:0:0:1 - - [30/Nov/2022:15:01:34 -0800] "GET /Assign4F/headers%0A HTTP/1.1" 500 6181
0:0:0:0:0:0:0:1 - - [30/Nov/2022:15:08:42 -0800] "GET /Assign4F/test%0A HTTP/1.1" 500 6169
0:0:0:0:0:0:0:1 - - [30/Nov/2022:15:08:56 -0800] "GET /Assign4F/test HTTP/1.1" 200 755
0:0:0:0:0:0:0:1 - - [30/Nov/2022:15:10:25 -0800] "GET /Assign4F/test%0A HTTP/1.1" 500 6169
0:0:0:0:0:0:0:1 - - [30/Nov/2022:15:10:43 -0800] "GET /Assign4F/test%0A HTTP/1.1" 500 6169
0:0:0:0:0:0:0:1 - - [30/Nov/2022:15:12:10 -0800] "GET /Assign4F%0A HTTP/1.1" 404 762
0:0:0:0:0:0:0:1 - - [30/Nov/2022:15:12:13 -0800] "GET /Assign4F%0A HTTP/1.1" 404 762
0:0:0:0:0:0:0:1 - - [30/Nov/2022:15:12:24 -0800] "GET /Assign4F HTTP/1.1" 405 725
0:0:0:0:0:0:0:1 - - [30/Nov/2022:15:12:42 -0800] "GET /Assign4F/ HTTP/1.1" 405 725
0:0:0:0:0:0:0:1 - - [30/Nov/2022:15:12:48 -0800] "GET /Assign4F/0 HTTP/1.1" 500 6126
127.0.0.1 - - [30/Nov/2022:15:15:28 -0800] "GET / HTTP/1.1" 200 11354
0:0:0:0:0:0:0:1 - - [30/Nov/2022:15:15:41 -0800] "GET /Assign4F%0A HTTP/1.1" 404 762
0:0:0:0:0:0:0:1 - - [30/Nov/2022:15:15:47 -0800] "GET /Assign4F/test%0A HTTP/1.1" 500 6169
0:0:0:0:0:0:0:1 - - [30/Nov/2022:15:16:17 -0800] "GET /Assign4F/test HTTP/1.1" 200 755
0:0:0:0:0:0:0:1 - - [30/Nov/2022:15:16:32 -0800] "GET /Assign4F HTTP/1.1" 405 725
0:0:0:0:0:0:0:1 - - [30/Nov/2022:15:16:40 -0800] "GET /Assign4F/data.json HTTP/1.1" 500 6416
0:0:0:0:0:0:0:1 - - [30/Nov/2022:15:16:58 -0800] "POST /Assign4F/add HTTP/1.1" 204 -
0:0:0:0:0:0:0:1 - - [30/Nov/2022:15:18:58 -0800] "POST /Assign4F/add HTTP/1.1" 204 -
0:0:0:0:0:0:0:1 - - [30/Nov/2022:15:36:14 -0800] "POST /Assign4F/add HTTP/1.1" 204 -
0:0:0:0:0:0:0:1 - - [30/Nov/2022:15:36:26 -0800] "POST /Assign4F/add HTTP/1.1" 204 -
0:0:0:0:0:0:0:1 - - [30/Nov/2022:15:36:31 -0800] "GET /Assign4F/test HTTP/1.1" 200 755
0:0:0:0:0:0:0:1 - - [30/Nov/2022:15:37:03 -0800] "POST /Assign4F/add HTTP/1.1" 204 -
127.0.0.1 - - [30/Nov/2022:15:42:25 -0800] "GET / HTTP/1.1" 200 11354
0:0:0:0:0:0:0:1 - - [30/Nov/2022:15:42:26 -0800] "GET /Assign4F/data.json HTTP/1.1" 500 6416
0:0:0:0:0:0:0:1 - - [30/Nov/2022:15:42:35 -0800] "POST /Assign4F/add HTTP/1.1" 204 -
0:0:0:0:0:0:0:1 - - [30/Nov/2022:15:59:36 -0800] "POST /Assign4F/add HTTP/1.1" 204 -
0:0:0:0:0:0:0:1 - - [30/Nov/2022:16:00:17 -0800] "POST /Assign4F/add HTTP/1.1" 204 -
127.0.0.1 - - [30/Nov/2022:16:02:28 -0800] "GET / HTTP/1.1" 200 11354
0:0:0:0:0:0:0:1 - - [30/Nov/2022:16:02:32 -0800] "POST /Assign4F/add HTTP/1.1" 200 26
0:0:0:0:0:0:0:1 - - [30/Nov/2022:16:02:37 -0800] "POST /Assign4F/test HTTP/1.1" 405 725
0:0:0:0:0:0:0:1 - - [30/Nov/2022:16:02:42 -0800] "GET /Assign4F/test HTTP/1.1" 200 886
0:0:0:0:0:0:0:1 - - [30/Nov/2022:16:02:54 -0800] "GET /Assign4F/test HTTP/1.1" 200 886
0:0:0:0:0:0:0:1 - - [30/Nov/2022:16:07:10 -0800] "POST /Assign4F/add HTTP/1.1" 200 26
0:0:0:0:0:0:0:1 - - [30/Nov/2022:16:07:15 -0800] "GET /Assign4F/test HTTP/1.1" 200 1036
0:0:0:0:0:0:0:1 - - [30/Nov/2022:16:07:26 -0800] "GET /Assign4F/test HTTP/1.1" 200 1036
0:0:0:0:0:0:0:1 - - [30/Nov/2022:17:46:17 -0800] "GET /Assign4F/delete/null HTTP/1.1" 405 725
0:0:0:0:0:0:0:1 - - [30/Nov/2022:17:46:37 -0800] "DELETE /Assign4F/delete/null HTTP/1.1" 200 28
0:0:0:0:0:0:0:1 - - [30/Nov/2022:17:46:44 -0800] "GET /Assign4F/test HTTP/1.1" 200 1036
0:0:0:0:0:0:0:1 - - [30/Nov/2022:17:46:56 -0800] "DELETE /Assign4F/delete/null HTTP/1.1" 200 28
0:0:0:0:0:0:0:1 - - [30/Nov/2022:17:46:59 -0800] "GET /Assign4F/test HTTP/1.1" 200 1036
0:0:0:0:0:0:0:1 - - [30/Nov/2022:17:47:03 -0800] "GET /Assign4F/test HTTP/1.1" 200 1036
0:0:0:0:0:0:0:1 - - [30/Nov/2022:17:50:46 -0800] "GET /Assign4F/test HTTP/1.1" 200 1036
0:0:0:0:0:0:0:1 - - [30/Nov/2022:17:50:48 -0800] "GET /Assign4F/test HTTP/1.1" 200 1036
0:0:0:0:0:0:0:1 - - [30/Nov/2022:17:50:52 -0800] "DELETE /Assign4F/delete/null HTTP/1.1" 200 28
0:0:0:0:0:0:0:1 - - [30/Nov/2022:17:54:15 -0800] "DELETE /Assign4F/delete/Toyota%20Camry HTTP/1.1" 204 -
0:0:0:0:0:0:0:1 - - [30/Nov/2022:17:54:27 -0800] "DELETE /Assign4F/delete/Toyota%20Camry HTTP/1.1" 204 -
0:0:0:0:0:0:0:1 - - [30/Nov/2022:17:55:11 -0800] "DELETE /Assign4F/delete/null HTTP/1.1" 200 28
0:0:0:0:0:0:0:1 - - [30/Nov/2022:17:55:16 -0800] "DELETE /Assign4F/delete/null HTTP/1.1" 200 28
0:0:0:0:0:0:0:1 - - [30/Nov/2022:17:55:20 -0800] "GET /Assign4F/test HTTP/1.1" 200 1036
0:0:0:0:0:0:0:1 - - [30/Nov/2022:17:55:23 -0800] "GET /Assign4F/test HTTP/1.1" 200 1036
0:0:0:0:0:0:0:1 - - [30/Nov/2022:17:55:50 -0800] "DELETE /Assign4F/delete/Toyota%20Camry HTTP/1.1" 204 -
0:0:0:0:0:0:0:1 - - [30/Nov/2022:17:56:42 -0800] "DELETE /Assign4F/delete/Toyota%20Camry HTTP/1.1" 204 -
0:0:0:0:0:0:0:1 - - [30/Nov/2022:17:57:36 -0800] "DELETE /Assign4F/delete/Toyota%20Camry HTTP/1.1" 204 -
0:0:0:0:0:0:0:1 - - [30/Nov/2022:17:58:02 -0800] "DELETE /Assign4F/delete/Toyota%20Camry HTTP/1.1" 204 -
0:0:0:0:0:0:0:1 - - [30/Nov/2022:17:59:55 -0800] "DELETE /Assign4F/delete/Toyota%20Camry HTTP/1.1" 204 -
0:0:0:0:0:0:0:1 - - [30/Nov/2022:18:00:57 -0800] "GET /Assign4F/test HTTP/1.1" 200 1036
127.0.0.1 - - [30/Nov/2022:18:02:08 -0800] "GET / HTTP/1.1" 200 11354
0:0:0:0:0:0:0:1 - - [30/Nov/2022:18:05:32 -0800] "DELETE /Assign4F/delete/Toyota%20Camry HTTP/1.1" 200 28
0:0:0:0:0:0:0:1 - - [30/Nov/2022:18:05:37 -0800] "GET /Assign4F/test HTTP/1.1" 200 886
0:0:0:0:0:0:0:1 - - [30/Nov/2022:18:05:48 -0800] "DELETE /Assign4F/delete/null HTTP/1.1" 200 28
0:0:0:0:0:0:0:1 - - [30/Nov/2022:18:05:50 -0800] "GET /Assign4F/test HTTP/1.1" 200 755
0:0:0:0:0:0:0:1 - - [30/Nov/2022:18:20:26 -0800] "PUT /Assign4F/update/Honda%20Civic HTTP/1.1" 200 28
0:0:0:0:0:0:0:1 - - [30/Nov/2022:18:20:42 -0800] "GET /Assign4F/test HTTP/1.1" 200 754
0:0:0:0:0:0:0:1 - - [30/Nov/2022:18:22:59 -0800] "DELETE /Assign4F/delete HTTP/1.1" 204 -
127.0.0.1 - - [30/Nov/2022:18:23:39 -0800] "GET / HTTP/1.1" 200 11354
0:0:0:0:0:0:0:1 - - [30/Nov/2022:18:25:23 -0800] "DELETE /Assign4F/delete HTTP/1.1" 200 20
0:0:0:0:0:0:0:1 - - [30/Nov/2022:18:25:28 -0800] "GET /Assign4F/test HTTP/1.1" 200 -
0:0:0:0:0:0:0:1 - - [30/Nov/2022:18:25:38 -0800] "GET /Assign4F HTTP/1.1" 405 725
0:0:0:0:0:0:0:1 - - [30/Nov/2022:18:25:50 -0800] "GET /Assign4F/data.json HTTP/1.1" 500 6416
0:0:0:0:0:0:0:1 - - [30/Nov/2022:18:27:42 -0800] "DELETE /Assign4F/delete HTTP/1.1" 200 20
0:0:0:0:0:0:0:1 - - [30/Nov/2022:18:27:47 -0800] "DELETE /Assign4F/delete HTTP/1.1" 200 20
0:0:0:0:0:0:0:1 - - [30/Nov/2022:18:27:58 -0800] "GET /Assign4F/data.json HTTP/1.1" 200 102
0:0:0:0:0:0:0:1 - - [30/Nov/2022:18:28:38 -0800] "PUT /Assign4F/add HTTP/1.1" 405 725
0:0:0:0:0:0:0:1 - - [30/Nov/2022:18:28:56 -0800] "POST /Assign4F/add HTTP/1.1" 200 26
0:0:0:0:0:0:0:1 - - [30/Nov/2022:18:29:02 -0800] "GET /Assign4F/test HTTP/1.1" 200 905
127.0.0.1 - - [30/Nov/2022:19:56:08 -0800] "GET / HTTP/1.1" 200 11354
127.0.0.1 - - [30/Nov/2022:20:05:02 -0800] "GET / HTTP/1.1" 200 11354
0:0:0:0:0:0:0:1 - - [30/Nov/2022:20:05:56 -0800] "GET /Assign4F/critic HTTP/1.1" 500 3821
0:0:0:0:0:0:0:1 - - [30/Nov/2022:20:09:39 -0800] "GET /Assign4F/critic HTTP/1.1" 500 55773
127.0.0.1 - - [30/Nov/2022:20:12:33 -0800] "GET / HTTP/1.1" 200 11354
0:0:0:0:0:0:0:1 - - [30/Nov/2022:20:12:34 -0800] "GET /Assign4F/critic HTTP/1.1" 500 6177
127.0.0.1 - - [30/Nov/2022:20:39:22 -0800] "GET / HTTP/1.1" 200 11354
0:0:0:0:0:0:0:1 - - [30/Nov/2022:20:39:23 -0800] "GET /Assign4F/test HTTP/1.1" 200 905
127.0.0.1 - - [30/Nov/2022:20:41:51 -0800] "GET / HTTP/1.1" 200 11354
0:0:0:0:0:0:0:1 - - [30/Nov/2022:20:41:54 -0800] "GET /Assign4F/critic HTTP/1.1" 500 6177
0:0:0:0:0:0:0:1 - - [30/Nov/2022:20:43:36 -0800] "GET /Assign4F/critic HTTP/1.1" 500 6200
0:0:0:0:0:0:0:1 - - [30/Nov/2022:20:44:10 -0800] "GET /Assign4F/test HTTP/1.1" 200 905
0:0:0:0:0:0:0:1 - - [30/Nov/2022:20:44:56 -0800] "GET /Assign4F/critic HTTP/1.1" 500 4221
0:0:0:0:0:0:0:1 - - [30/Nov/2022:20:46:11 -0800] "GET /Assign4F/critic HTTP/1.1" 500 4209
127.0.0.1 - - [30/Nov/2022:20:46:43 -0800] "GET / HTTP/1.1" 200 11354
0:0:0:0:0:0:0:1 - - [30/Nov/2022:20:47:14 -0800] "GET /Assign4F/critic HTTP/1.1" 500 4221
0:0:0:0:0:0:0:1 - - [30/Nov/2022:20:47:34 -0800] "GET /Assign4F/critic HTTP/1.1" 500 4209
0:0:0:0:0:0:0:1 - - [30/Nov/2022:20:47:41 -0800] "GET /Assign4F/critic HTTP/1.1" 500 4209
127.0.0.1 - - [30/Nov/2022:20:48:02 -0800] "GET / HTTP/1.1" 200 11354
0:0:0:0:0:0:0:1 - - [30/Nov/2022:20:48:20 -0800] "GET /Assign4F/critic HTTP/1.1" 500 4221
127.0.0.1 - - [30/Nov/2022:20:51:42 -0800] "GET / HTTP/1.1" 200 11354
0:0:0:0:0:0:0:1 - - [30/Nov/2022:20:51:55 -0800] "GET /Assign4F/critic HTTP/1.1" 500 4176
127.0.0.1 - - [30/Nov/2022:20:52:52 -0800] "GET / HTTP/1.1" 200 11354
0:0:0:0:0:0:0:1 - - [30/Nov/2022:20:53:04 -0800] "GET /Assign4F/critic HTTP/1.1" 500 4176
127.0.0.1 - - [30/Nov/2022:20:54:16 -0800] "GET / HTTP/1.1" 200 11354
0:0:0:0:0:0:0:1 - - [30/Nov/2022:21:02:34 -0800] "GET /Assign4F/critic HTTP/1.1" 500 4176
0:0:0:0:0:0:0:1 - - [30/Nov/2022:21:03:35 -0800] "GET /Assign4F/critic HTTP/1.1" 500 4209
127.0.0.1 - - [30/Nov/2022:21:03:57 -0800] "GET / HTTP/1.1" 200 11354
0:0:0:0:0:0:0:1 - - [30/Nov/2022:21:15:11 -0800] "GET /Assign4F/critic HTTP/1.1" 500 4176
127.0.0.1 - - [30/Nov/2022:22:08:02 -0800] "GET / HTTP/1.1" 200 11354
0:0:0:0:0:0:0:1 - - [30/Nov/2022:22:54:57 -0800] "GET /Assign4F/delete HTTP/1.1" 405 725
127.0.0.1 - - [30/Nov/2022:22:54:57 -0800] "GET / HTTP/1.1" 200 11354
0:0:0:0:0:0:0:1 - - [30/Nov/2022:22:55:08 -0800] "DELETE /Assign4F/delete HTTP/1.1" 200 20
0:0:0:0:0:0:0:1 - - [30/Nov/2022:22:55:15 -0800] "GET /Assign4F/data.json HTTP/1.1" 200 102
0:0:0:0:0:0:0:1 - - [30/Nov/2022:22:56:08 -0800] "POST /Assign4F/add HTTP/1.1" 400 795
0:0:0:0:0:0:0:1 - - [30/Nov/2022:22:56:39 -0800] "GET /Assign4F/test HTTP/1.1" 200 600
0:0:0:0:0:0:0:1 - - [30/Nov/2022:22:57:09 -0800] "POST /Assign4F/add HTTP/1.1" 200 26
0:0:0:0:0:0:0:1 - - [30/Nov/2022:22:57:17 -0800] "GET /Assign4F/test HTTP/1.1" 200 750
0:0:0:0:0:0:0:1 - - [30/Nov/2022:23:02:54 -0800] "POST /Assign4F/add HTTP/1.1" 400 795
0:0:0:0:0:0:0:1 - - [30/Nov/2022:23:07:39 -0800] "DELETE /Assign4F/delete HTTP/1.1" 200 20
0:0:0:0:0:0:0:1 - - [30/Nov/2022:23:07:54 -0800] "GET /Assign4F/data.json HTTP/1.1" 200 102
0:0:0:0:0:0:0:1 - - [30/Nov/2022:23:12:58 -0800] "GET /Assign4F/test HTTP/1.1" 200 600
0:0:0:0:0:0:0:1 - - [30/Nov/2022:23:13:49 -0800] "POST /Assign4F/add HTTP/1.1" 400 795
127.0.0.1 - - [30/Nov/2022:23:14:18 -0800] "GET / HTTP/1.1" 200 11354
0:0:0:0:0:0:0:1 - - [30/Nov/2022:23:14:18 -0800] "POST /Assign4F/add HTTP/1.1" 400 795
0:0:0:0:0:0:0:1 - - [30/Nov/2022:23:14:25 -0800] "POST /Assign4F/add HTTP/1.1" 400 795
0:0:0:0:0:0:0:1 - - [30/Nov/2022:23:56:34 -0800] "DELETE /Assign4F/delete HTTP/1.1" 200 20
0:0:0:0:0:0:0:1 - - [30/Nov/2022:23:56:41 -0800] "GET /Assign4F/data.json HTTP/1.1" 200 102
0:0:0:0:0:0:0:1 - - [30/Nov/2022:23:57:04 -0800] "GET /Assign4F/test HTTP/1.1" 200 755
