0:0:0:0:0:0:0:1 - - [01/Dec/2022:02:50:06 -0800] "DELETE /Assign4F/delete HTTP/1.1" 500 3821
127.0.0.1 - - [01/Dec/2022:02:50:06 -0800] "GET / HTTP/1.1" 200 11354
0:0:0:0:0:0:0:1 - - [01/Dec/2022:02:50:14 -0800] "DELETE /Assign4F/delete HTTP/1.1" 500 3821
0:0:0:0:0:0:0:1 - - [01/Dec/2022:02:50:39 -0800] "GET /Assign4F/test HTTP/1.1" 500 3821
0:0:0:0:0:0:0:1 - - [01/Dec/2022:02:59:34 -0800] "DELETE /Assign4F/delete HTTP/1.1" 500 3821
127.0.0.1 - - [01/Dec/2022:03:03:10 -0800] "GET / HTTP/1.1" 200 11354
0:0:0:0:0:0:0:1 - - [01/Dec/2022:03:03:12 -0800] "GET /Assign4F/data.json HTTP/1.1" 500 3821
127.0.0.1 - - [01/Dec/2022:03:06:18 -0800] "GET / HTTP/1.1" 200 11354
127.0.0.1 - - [01/Dec/2022:03:08:28 -0800] "GET / HTTP/1.1" 200 11354
127.0.0.1 - - [01/Dec/2022:03:10:50 -0800] "GET / HTTP/1.1" 200 11354
127.0.0.1 - - [01/Dec/2022:03:12:20 -0800] "GET / HTTP/1.1" 200 11354
0:0:0:0:0:0:0:1 - - [01/Dec/2022:03:12:42 -0800] "GET /Assign4F/data.json HTTP/1.1" 500 3821
0:0:0:0:0:0:0:1 - - [01/Dec/2022:03:12:53 -0800] "GET /Assign4F/test HTTP/1.1" 500 3821
127.0.0.1 - - [01/Dec/2022:03:13:20 -0800] "GET / HTTP/1.1" 200 11354
0:0:0:0:0:0:0:1 - - [01/Dec/2022:03:13:46 -0800] "GET /Assign4F/data.json HTTP/1.1" 500 3821
127.0.0.1 - - [01/Dec/2022:03:20:18 -0800] "GET / HTTP/1.1" 200 11354
127.0.0.1 - - [01/Dec/2022:03:24:02 -0800] "GET / HTTP/1.1" 200 11354
0:0:0:0:0:0:0:1 - - [01/Dec/2022:03:26:49 -0800] "GET /Assign4F/data.json HTTP/1.1" 500 3821
127.0.0.1 - - [01/Dec/2022:03:27:28 -0800] "GET / HTTP/1.1" 200 11354
0:0:0:0:0:0:0:1 - - [01/Dec/2022:03:27:39 -0800] "GET /Assign4F/data.json HTTP/1.1" 200 102
0:0:0:0:0:0:0:1 - - [01/Dec/2022:03:27:49 -0800] "GET /Assign4F/delete HTTP/1.1" 405 725
0:0:0:0:0:0:0:1 - - [01/Dec/2022:03:27:53 -0800] "DELETE /Assign4F/delete HTTP/1.1" 200 20
127.0.0.1 - - [01/Dec/2022:03:28:28 -0800] "GET / HTTP/1.1" 200 11354
127.0.0.1 - - [01/Dec/2022:03:29:25 -0800] "GET / HTTP/1.1" 200 11354
127.0.0.1 - - [01/Dec/2022:03:30:57 -0800] "GET / HTTP/1.1" 200 11354
127.0.0.1 - - [01/Dec/2022:03:36:52 -0800] "GET / HTTP/1.1" 200 11354
127.0.0.1 - - [01/Dec/2022:04:07:22 -0800] "GET / HTTP/1.1" 200 11354
0:0:0:0:0:0:0:1 - - [01/Dec/2022:04:07:36 -0800] "GET /Assign4F/data.json HTTP/1.1" 200 102
0:0:0:0:0:0:0:1 - - [01/Dec/2022:04:07:40 -0800] "GET /Assign4F/test HTTP/1.1" 204 -
0:0:0:0:0:0:0:1 - - [01/Dec/2022:04:07:45 -0800] "GET /Assign4F/test HTTP/1.1" 204 -
127.0.0.1 - - [01/Dec/2022:04:15:28 -0800] "GET / HTTP/1.1" 200 11354
0:0:0:0:0:0:0:1 - - [01/Dec/2022:04:15:30 -0800] "GET /Assign4F/test HTTP/1.1" 200 600
0:0:0:0:0:0:0:1 - - [01/Dec/2022:04:22:22 -0800] "POST /Assign4F/add HTTP/1.1" 204 -
127.0.0.1 - - [01/Dec/2022:04:23:46 -0800] "GET / HTTP/1.1" 200 11354
0:0:0:0:0:0:0:1 - - [01/Dec/2022:04:23:47 -0800] "POST /Assign4F/add HTTP/1.1" 204 -
0:0:0:0:0:0:0:1 - - [01/Dec/2022:04:24:55 -0800] "GET /Assign4F/test HTTP/1.1" 200 600
0:0:0:0:0:0:0:1 - - [01/Dec/2022:04:24:58 -0800] "GET /Assign4F/test HTTP/1.1" 200 600
127.0.0.1 - - [01/Dec/2022:04:27:44 -0800] "GET / HTTP/1.1" 200 11354
0:0:0:0:0:0:0:1 - - [01/Dec/2022:04:27:47 -0800] "POST /Assign4F/add HTTP/1.1" 204 -
127.0.0.1 - - [01/Dec/2022:04:30:27 -0800] "GET / HTTP/1.1" 200 11354
0:0:0:0:0:0:0:1 - - [01/Dec/2022:04:30:37 -0800] "POST /Assign4F/add HTTP/1.1" 204 -
127.0.0.1 - - [01/Dec/2022:04:39:47 -0800] "GET / HTTP/1.1" 200 11354
0:0:0:0:0:0:0:1 - - [01/Dec/2022:04:39:53 -0800] "GET /Assign4F/test HTTP/1.1" 200 600
0:0:0:0:0:0:0:1 - - [01/Dec/2022:04:40:02 -0800] "POST /Assign4F/add HTTP/1.1" 204 -
127.0.0.1 - - [01/Dec/2022:04:41:01 -0800] "GET / HTTP/1.1" 200 11354
0:0:0:0:0:0:0:1 - - [01/Dec/2022:04:41:02 -0800] "GET /Assign4F/test HTTP/1.1" 200 600
0:0:0:0:0:0:0:1 - - [01/Dec/2022:04:41:08 -0800] "POST /Assign4F/add HTTP/1.1" 204 -
127.0.0.1 - - [01/Dec/2022:04:42:08 -0800] "GET / HTTP/1.1" 200 11354
0:0:0:0:0:0:0:1 - - [01/Dec/2022:04:42:10 -0800] "GET /Assign4F/test HTTP/1.1" 200 600
0:0:0:0:0:0:0:1 - - [01/Dec/2022:04:42:23 -0800] "POST /Assign4F/add HTTP/1.1" 204 -
127.0.0.1 - - [01/Dec/2022:04:43:33 -0800] "GET / HTTP/1.1" 200 11354
0:0:0:0:0:0:0:1 - - [01/Dec/2022:04:43:37 -0800] "GET /Assign4F/test HTTP/1.1" 200 600
127.0.0.1 - - [01/Dec/2022:04:44:00 -0800] "GET / HTTP/1.1" 200 11354
0:0:0:0:0:0:0:1 - - [01/Dec/2022:04:44:04 -0800] "POST /Assign4F/add HTTP/1.1" 204 -
127.0.0.1 - - [01/Dec/2022:04:45:01 -0800] "GET / HTTP/1.1" 200 11354
0:0:0:0:0:0:0:1 - - [01/Dec/2022:04:45:38 -0800] "GET /Assign4F/test HTTP/1.1" 200 600
0:0:0:0:0:0:0:1 - - [01/Dec/2022:04:45:43 -0800] "POST /Assign4F/add HTTP/1.1" 204 -
127.0.0.1 - - [01/Dec/2022:04:47:08 -0800] "GET / HTTP/1.1" 200 11354
0:0:0:0:0:0:0:1 - - [01/Dec/2022:04:47:09 -0800] "GET /Assign4F/test HTTP/1.1" 200 600
0:0:0:0:0:0:0:1 - - [01/Dec/2022:04:47:16 -0800] "POST /Assign4F/add HTTP/1.1" 204 -
127.0.0.1 - - [01/Dec/2022:04:48:36 -0800] "GET / HTTP/1.1" 200 11354
0:0:0:0:0:0:0:1 - - [01/Dec/2022:04:48:38 -0800] "GET /Assign4F/test HTTP/1.1" 200 600
0:0:0:0:0:0:0:1 - - [01/Dec/2022:04:48:38 -0800] "POST /Assign4F/add HTTP/1.1" 204 -
127.0.0.1 - - [01/Dec/2022:04:50:02 -0800] "GET / HTTP/1.1" 200 11354
0:0:0:0:0:0:0:1 - - [01/Dec/2022:04:50:44 -0800] "GET /Assign4F/test HTTP/1.1" 200 600
0:0:0:0:0:0:0:1 - - [01/Dec/2022:04:50:48 -0800] "POST /Assign4F/add HTTP/1.1" 204 -
127.0.0.1 - - [01/Dec/2022:04:52:07 -0800] "GET / HTTP/1.1" 200 11354
0:0:0:0:0:0:0:1 - - [01/Dec/2022:04:52:10 -0800] "POST /Assign4F/add HTTP/1.1" 204 -
127.0.0.1 - - [01/Dec/2022:04:53:22 -0800] "GET / HTTP/1.1" 200 11354
0:0:0:0:0:0:0:1 - - [01/Dec/2022:04:53:24 -0800] "POST /Assign4F/add HTTP/1.1" 204 -
127.0.0.1 - - [01/Dec/2022:04:54:48 -0800] "GET / HTTP/1.1" 200 11354
0:0:0:0:0:0:0:1 - - [01/Dec/2022:04:54:49 -0800] "POST /Assign4F/add HTTP/1.1" 200 26
0:0:0:0:0:0:0:1 - - [01/Dec/2022:04:54:56 -0800] "GET /Assign4F/test HTTP/1.1" 200 719
127.0.0.1 - - [01/Dec/2022:04:56:23 -0800] "GET / HTTP/1.1" 200 11354
0:0:0:0:0:0:0:1 - - [01/Dec/2022:04:58:41 -0800] "GET /Assign4F/WEB-INF/classes/controllers/Assign4.java HTTP/1.1" 404 682
127.0.0.1 - - [01/Dec/2022:04:59:46 -0800] "GET / HTTP/1.1" 200 11354
127.0.0.1 - - [01/Dec/2022:05:04:50 -0800] "GET / HTTP/1.1" 200 11354
127.0.0.1 - - [01/Dec/2022:13:25:08 -0800] "GET / HTTP/1.1" 200 11354
0:0:0:0:0:0:0:1 - - [01/Dec/2022:13:25:30 -0800] "GET /Assign4F/test HTTP/1.1" 200 719
0:0:0:0:0:0:0:1 - - [01/Dec/2022:13:26:10 -0800] "GET /Assign4F/topsis HTTP/1.1" 500 4154
127.0.0.1 - - [01/Dec/2022:13:26:51 -0800] "GET / HTTP/1.1" 200 11354
0:0:0:0:0:0:0:1 - - [01/Dec/2022:13:30:31 -0800] "GET /Assign4F/topsis HTTP/1.1" 500 4154
0:0:0:0:0:0:0:1 - - [01/Dec/2022:13:31:24 -0800] "GET /Assign4F/topsis HTTP/1.1" 500 4203
0:0:0:0:0:0:0:1 - - [01/Dec/2022:13:31:35 -0800] "GET /Assign4F/topsis HTTP/1.1" 500 4203
127.0.0.1 - - [01/Dec/2022:13:32:05 -0800] "GET / HTTP/1.1" 200 11354
0:0:0:0:0:0:0:1 - - [01/Dec/2022:13:32:36 -0800] "GET /Assign4F/topsis HTTP/1.1" 500 4154
127.0.0.1 - - [01/Dec/2022:13:41:53 -0800] "GET / HTTP/1.1" 200 11354
0:0:0:0:0:0:0:1 - - [01/Dec/2022:13:42:25 -0800] "GET /Assign4F/topsis HTTP/1.1" 500 4154
0:0:0:0:0:0:0:1 - - [01/Dec/2022:13:44:26 -0800] "GET /Assign4F/critic HTTP/1.1" 500 4157
127.0.0.1 - - [01/Dec/2022:13:44:58 -0800] "GET / HTTP/1.1" 200 11354
0:0:0:0:0:0:0:1 - - [01/Dec/2022:13:45:35 -0800] "GET /Assign4F/critic HTTP/1.1" 200 235
0:0:0:0:0:0:0:1 - - [01/Dec/2022:13:45:49 -0800] "GET /Assign4F/entropy HTTP/1.1" 200 234
127.0.0.1 - - [01/Dec/2022:13:56:17 -0800] "GET / HTTP/1.1" 200 11354
0:0:0:0:0:0:0:1 - - [01/Dec/2022:13:58:02 -0800] "GET /Assign4F/topsis HTTP/1.1" 500 4355
127.0.0.1 - - [01/Dec/2022:14:04:59 -0800] "GET / HTTP/1.1" 200 11354
127.0.0.1 - - [01/Dec/2022:14:08:01 -0800] "GET / HTTP/1.1" 200 11354
127.0.0.1 - - [01/Dec/2022:14:09:09 -0800] "GET / HTTP/1.1" 200 11354
0:0:0:0:0:0:0:1 - - [01/Dec/2022:14:09:52 -0800] "GET /Assign4F/topsis HTTP/1.1" 500 4355
127.0.0.1 - - [01/Dec/2022:14:10:49 -0800] "GET / HTTP/1.1" 200 11354
0:0:0:0:0:0:0:1 - - [01/Dec/2022:14:11:30 -0800] "GET /Assign4F/topsis HTTP/1.1" 500 4203
127.0.0.1 - - [01/Dec/2022:14:14:10 -0800] "GET / HTTP/1.1" 200 11354
0:0:0:0:0:0:0:1 - - [01/Dec/2022:14:14:54 -0800] "GET /Assign4F/topsis HTTP/1.1" 500 4203
127.0.0.1 - - [01/Dec/2022:14:15:52 -0800] "GET / HTTP/1.1" 200 11354
0:0:0:0:0:0:0:1 - - [01/Dec/2022:14:16:44 -0800] "GET /Assign4F/topsis HTTP/1.1" 500 4203
127.0.0.1 - - [01/Dec/2022:14:17:25 -0800] "GET / HTTP/1.1" 200 11354
0:0:0:0:0:0:0:1 - - [01/Dec/2022:14:18:06 -0800] "GET /Assign4F/topsis HTTP/1.1" 500 4203
127.0.0.1 - - [01/Dec/2022:14:19:59 -0800] "GET / HTTP/1.1" 200 11354
0:0:0:0:0:0:0:1 - - [01/Dec/2022:14:20:51 -0800] "GET /Assign4F/topsis HTTP/1.1" 500 4355
127.0.0.1 - - [01/Dec/2022:14:22:14 -0800] "GET / HTTP/1.1" 200 11354
0:0:0:0:0:0:0:1 - - [01/Dec/2022:14:22:50 -0800] "GET /Assign4F/topsis HTTP/1.1" 500 4355
127.0.0.1 - - [01/Dec/2022:14:25:04 -0800] "GET / HTTP/1.1" 200 11354
0:0:0:0:0:0:0:1 - - [01/Dec/2022:14:25:54 -0800] "GET /Assign4F/topsis HTTP/1.1" 500 4355
127.0.0.1 - - [01/Dec/2022:14:27:55 -0800] "GET / HTTP/1.1" 200 11354
127.0.0.1 - - [01/Dec/2022:14:28:23 -0800] "GET / HTTP/1.1" 200 11354
0:0:0:0:0:0:0:1 - - [01/Dec/2022:14:29:08 -0800] "GET /Assign4F/topsis HTTP/1.1" 500 4355
127.0.0.1 - - [01/Dec/2022:14:31:45 -0800] "GET / HTTP/1.1" 200 11354
0:0:0:0:0:0:0:1 - - [01/Dec/2022:14:32:19 -0800] "GET /Assign4F/topsis HTTP/1.1" 500 4355
127.0.0.1 - - [01/Dec/2022:14:34:08 -0800] "GET / HTTP/1.1" 200 11354
0:0:0:0:0:0:0:1 - - [01/Dec/2022:14:34:54 -0800] "GET /Assign4F/topsis HTTP/1.1" 500 4355
127.0.0.1 - - [01/Dec/2022:14:37:07 -0800] "GET / HTTP/1.1" 200 11354
0:0:0:0:0:0:0:1 - - [01/Dec/2022:14:39:11 -0800] "GET /Assign4F/topsis HTTP/1.1" 500 4355
127.0.0.1 - - [01/Dec/2022:14:50:48 -0800] "GET / HTTP/1.1" 200 11354
0:0:0:0:0:0:0:1 - - [01/Dec/2022:14:51:26 -0800] "GET /Assign4F/topsis HTTP/1.1" 500 4104
127.0.0.1 - - [01/Dec/2022:14:53:21 -0800] "GET / HTTP/1.1" 200 11354
0:0:0:0:0:0:0:1 - - [01/Dec/2022:14:54:15 -0800] "GET /Assign4F/topsis HTTP/1.1" 500 4358
127.0.0.1 - - [01/Dec/2022:15:00:59 -0800] "GET / HTTP/1.1" 200 11354
0:0:0:0:0:0:0:1 - - [01/Dec/2022:15:01:35 -0800] "GET /Assign4F/topsis HTTP/1.1" 200 566
127.0.0.1 - - [01/Dec/2022:15:07:30 -0800] "GET / HTTP/1.1" 200 11354
0:0:0:0:0:0:0:1 - - [01/Dec/2022:15:08:00 -0800] "GET /Assign4F/topsis HTTP/1.1" 200 566
127.0.0.1 - - [01/Dec/2022:15:08:36 -0800] "GET / HTTP/1.1" 200 11354
0:0:0:0:0:0:0:1 - - [01/Dec/2022:15:09:07 -0800] "GET /Assign4F/topsis HTTP/1.1" 200 947
0:0:0:0:0:0:0:1 - - [01/Dec/2022:15:09:54 -0800] "GET /Assign4F/topsis/entropy HTTP/1.1" 500 4206
127.0.0.1 - - [01/Dec/2022:15:10:58 -0800] "GET / HTTP/1.1" 200 11354
0:0:0:0:0:0:0:1 - - [01/Dec/2022:15:11:29 -0800] "GET /Assign4F/topsis/entropy HTTP/1.1" 200 369
0:0:0:0:0:0:0:1 - - [01/Dec/2022:15:13:50 -0800] "GET /Assign4F/topsis HTTP/1.1" 500 4206
0:0:0:0:0:0:0:1 - - [01/Dec/2022:15:14:18 -0800] "GET /Assign4F/topsis HTTP/1.1" 500 4206
0:0:0:0:0:0:0:1 - - [01/Dec/2022:15:23:02 -0800] "GET /Assign4F/topsis HTTP/1.1" 500 7912
127.0.0.1 - - [01/Dec/2022:15:23:19 -0800] "GET / HTTP/1.1" 200 11354
0:0:0:0:0:0:0:1 - - [01/Dec/2022:15:23:58 -0800] "GET /Assign4F/topsis HTTP/1.1" 200 947
0:0:0:0:0:0:0:1 - - [01/Dec/2022:15:24:08 -0800] "GET /Assign4F/topsis/entropy HTTP/1.1" 500 7912
0:0:0:0:0:0:0:1 - - [01/Dec/2022:15:30:01 -0800] "GET /Assign4F/topsis HTTP/1.1" 500 7912
127.0.0.1 - - [01/Dec/2022:15:31:40 -0800] "GET / HTTP/1.1" 200 11354
0:0:0:0:0:0:0:1 - - [01/Dec/2022:15:32:17 -0800] "GET /Assign4F/topsis HTTP/1.1" 200 947
0:0:0:0:0:0:0:1 - - [01/Dec/2022:15:32:23 -0800] "GET /Assign4F/topsis/entropy HTTP/1.1" 500 4207
127.0.0.1 - - [01/Dec/2022:15:34:02 -0800] "GET / HTTP/1.1" 200 11354
0:0:0:0:0:0:0:1 - - [01/Dec/2022:15:34:39 -0800] "GET /Assign4F/topsis/entropy HTTP/1.1" 200 369
0:0:0:0:0:0:0:1 - - [01/Dec/2022:15:35:01 -0800] "GET /Assign4F/topsis/correlation HTTP/1.1" 500 4211
127.0.0.1 - - [01/Dec/2022:15:35:46 -0800] "GET / HTTP/1.1" 200 11354
0:0:0:0:0:0:0:1 - - [01/Dec/2022:15:36:23 -0800] "GET /Assign4F/topsis/correlation HTTP/1.1" 200 83
0:0:0:0:0:0:0:1 - - [01/Dec/2022:15:37:07 -0800] "GET /Assign4F/topsis HTTP/1.1" 500 4207
0:0:0:0:0:0:0:1 - - [01/Dec/2022:15:48:39 -0800] "GET /Assign4F/topsis HTTP/1.1" 500 4207
127.0.0.1 - - [01/Dec/2022:15:48:57 -0800] "GET / HTTP/1.1" 200 11354
127.0.0.1 - - [01/Dec/2022:15:53:07 -0800] "GET / HTTP/1.1" 200 11354
0:0:0:0:0:0:0:1 - - [01/Dec/2022:15:53:38 -0800] "GET /Assign4F/topsis HTTP/1.1" 200 947
0:0:0:0:0:0:0:1 - - [01/Dec/2022:15:53:55 -0800] "GET /Assign4F/topsis/critic HTTP/1.1" 500 4206
127.0.0.1 - - [01/Dec/2022:15:54:22 -0800] "GET / HTTP/1.1" 200 11354
0:0:0:0:0:0:0:1 - - [01/Dec/2022:15:54:58 -0800] "GET /Assign4F/topsis/critic HTTP/1.1" 200 370
127.0.0.1 - - [01/Dec/2022:17:35:24 -0800] "GET / HTTP/1.1" 200 11354
0:0:0:0:0:0:0:1 - - [01/Dec/2022:17:35:58 -0800] "GET /Assign4F/process HTTP/1.1" 200 947
127.0.0.1 - - [01/Dec/2022:17:36:48 -0800] "GET / HTTP/1.1" 200 11354
0:0:0:0:0:0:0:1 - - [01/Dec/2022:17:37:39 -0800] "GET /Assign4F/process/critic HTTP/1.1" 200 370
127.0.0.1 - - [01/Dec/2022:17:59:05 -0800] "GET / HTTP/1.1" 200 11354
0:0:0:0:0:0:0:1 - - [01/Dec/2022:17:59:12 -0800] "GET /Assign4F HTTP/1.1" 405 725
0:0:0:0:0:0:0:1 - - [01/Dec/2022:17:59:19 -0800] "GET /Assign4F/data.json HTTP/1.1" 500 6416
0:0:0:0:0:0:0:1 - - [01/Dec/2022:17:59:35 -0800] "GET /Assign4F/ HTTP/1.1" 405 725
0:0:0:0:0:0:0:1 - - [01/Dec/2022:17:59:51 -0800] "GET /Assign4F/test HTTP/1.1" 200 719
0:0:0:0:0:0:0:1 - - [01/Dec/2022:18:01:10 -0800] "GET /Assign4F HTTP/1.1" 405 725
127.0.0.1 - - [01/Dec/2022:18:01:53 -0800] "GET / HTTP/1.1" 200 11354
0:0:0:0:0:0:0:1 - - [01/Dec/2022:18:02:01 -0800] "GET /Assign4F HTTP/1.1" 405 725
0:0:0:0:0:0:0:1 - - [01/Dec/2022:18:02:14 -0800] "GET /Assign4F HTTP/1.1" 405 725
0:0:0:0:0:0:0:1 - - [01/Dec/2022:18:02:15 -0800] "GET /Assign4F HTTP/1.1" 405 725
0:0:0:0:0:0:0:1 - - [01/Dec/2022:18:02:17 -0800] "GET /Assign4F HTTP/1.1" 405 725
0:0:0:0:0:0:0:1 - - [01/Dec/2022:18:02:23 -0800] "GET /Assign4F/data.json HTTP/1.1" 500 6416
127.0.0.1 - - [01/Dec/2022:18:03:06 -0800] "GET / HTTP/1.1" 200 11354
0:0:0:0:0:0:0:1 - - [01/Dec/2022:18:05:28 -0800] "DELETE /Assign4F/delete HTTP/1.1" 200 20
0:0:0:0:0:0:0:1 - - [01/Dec/2022:18:05:39 -0800] "GET /Assign4F/data2.json HTTP/1.1" 200 102
0:0:0:0:0:0:0:1 - - [01/Dec/2022:18:06:18 -0800] "DELETE /Assign4F/delete HTTP/1.1" 200 20
0:0:0:0:0:0:0:1 - - [01/Dec/2022:18:07:44 -0800] "GET /Assign4F/empty HTTP/1.1" 500 5993
127.0.0.1 - - [01/Dec/2022:18:08:46 -0800] "GET / HTTP/1.1" 200 11354
0:0:0:0:0:0:0:1 - - [01/Dec/2022:18:08:47 -0800] "GET /Assign4F/empty HTTP/1.1" 500 5993
127.0.0.1 - - [01/Dec/2022:18:11:48 -0800] "GET / HTTP/1.1" 200 11354
0:0:0:0:0:0:0:1 - - [01/Dec/2022:18:11:51 -0800] "GET /Assign4F/empty HTTP/1.1" 500 5993
127.0.0.1 - - [01/Dec/2022:18:39:13 -0800] "GET / HTTP/1.1" 200 11354
0:0:0:0:0:0:0:1 - - [01/Dec/2022:18:39:22 -0800] "GET /Assign4F/empty HTTP/1.1" 200 102
0:0:0:0:0:0:0:1 - - [01/Dec/2022:18:40:08 -0800] "GET /Assign4F/test HTTP/1.1" 200 1510
127.0.0.1 - - [01/Dec/2022:18:40:52 -0800] "GET / HTTP/1.1" 200 11354
0:0:0:0:0:0:0:1 - - [01/Dec/2022:18:41:10 -0800] "GET /Assign4F HTTP/1.1" 405 725
0:0:0:0:0:0:0:1 - - [01/Dec/2022:18:43:25 -0800] "GET /Assign4F HTTP/1.1" 405 725
0:0:0:0:0:0:0:1 - - [01/Dec/2022:18:43:30 -0800] "GET /Assign4F/data.json HTTP/1.1" 500 6416
0:0:0:0:0:0:0:1 - - [01/Dec/2022:18:43:36 -0800] "GET /Assign4F HTTP/1.1" 405 725
0:0:0:0:0:0:0:1 - - [01/Dec/2022:18:43:41 -0800] "GET /Assign4F/%22%22 HTTP/1.1" 500 6298
127.0.0.1 - - [01/Dec/2022:18:45:30 -0800] "GET / HTTP/1.1" 200 11354
0:0:0:0:0:0:0:1 - - [01/Dec/2022:18:46:17 -0800] "DELETE /Assign4F/delete HTTP/1.1" 200 20
0:0:0:0:0:0:0:1 - - [01/Dec/2022:18:46:20 -0800] "GET /Assign4F/ HTTP/1.1" 405 725
0:0:0:0:0:0:0:1 - - [01/Dec/2022:18:46:24 -0800] "GET /Assign4F/data.json HTTP/1.1" 404 713
127.0.0.1 - - [01/Dec/2022:18:47:36 -0800] "GET / HTTP/1.1" 200 11354
0:0:0:0:0:0:0:1 - - [01/Dec/2022:18:47:39 -0800] "GET /Assign4F HTTP/1.1" 404 713
0:0:0:0:0:0:0:1 - - [01/Dec/2022:18:47:43 -0800] "GET /Assign4F/data.json HTTP/1.1" 404 713
127.0.0.1 - - [01/Dec/2022:18:48:23 -0800] "GET / HTTP/1.1" 200 11354
0:0:0:0:0:0:0:1 - - [01/Dec/2022:18:49:14 -0800] "GET /Assign4F HTTP/1.1" 405 725
0:0:0:0:0:0:0:1 - - [01/Dec/2022:18:49:23 -0800] "GET /Assign4F/data.json HTTP/1.1" 200 102
0:0:0:0:0:0:0:1 - - [01/Dec/2022:18:50:09 -0800] "GET /Assign4F/test HTTP/1.1" 200 600
127.0.0.1 - - [01/Dec/2022:18:50:46 -0800] "GET / HTTP/1.1" 200 11354
0:0:0:0:0:0:0:1 - - [01/Dec/2022:18:50:50 -0800] "DELETE /Assign4F/delete HTTP/1.1" 200 20
0:0:0:0:0:0:0:1 - - [01/Dec/2022:18:50:53 -0800] "GET /Assign4F/ HTTP/1.1" 405 725
0:0:0:0:0:0:0:1 - - [01/Dec/2022:18:50:57 -0800] "GET /Assign4F/data.json HTTP/1.1" 200 102
127.0.0.1 - - [01/Dec/2022:18:53:05 -0800] "GET / HTTP/1.1" 200 11354
0:0:0:0:0:0:0:1 - - [01/Dec/2022:18:53:09 -0800] "DELETE /Assign4F/delete HTTP/1.1" 200 20
0:0:0:0:0:0:0:1 - - [01/Dec/2022:18:53:58 -0800] "GET /Assign4F HTTP/1.1" 405 725
0:0:0:0:0:0:0:1 - - [01/Dec/2022:18:54:02 -0800] "GET /Assign4F/data.json HTTP/1.1" 404 713
127.0.0.1 - - [01/Dec/2022:18:55:29 -0800] "GET / HTTP/1.1" 200 11354
0:0:0:0:0:0:0:1 - - [01/Dec/2022:18:55:29 -0800] "GET /Assign4F/ HTTP/1.1" 404 713
0:0:0:0:0:0:0:1 - - [01/Dec/2022:18:55:34 -0800] "GET /Assign4F/data.json HTTP/1.1" 404 713
0:0:0:0:0:0:0:1 - - [01/Dec/2022:18:55:42 -0800] "GET /Assign4F/data.json HTTP/1.1" 404 713
0:0:0:0:0:0:0:1 - - [01/Dec/2022:18:55:59 -0800] "GET /Assign4F/data.json HTTP/1.1" 404 713
0:0:0:0:0:0:0:1 - - [01/Dec/2022:18:56:00 -0800] "GET /Assign4F/data.json HTTP/1.1" 404 713
127.0.0.1 - - [01/Dec/2022:18:56:18 -0800] "GET / HTTP/1.1" 200 11354
0:0:0:0:0:0:0:1 - - [01/Dec/2022:18:56:21 -0800] "GET /Assign4F/data.json HTTP/1.1" 404 713
0:0:0:0:0:0:0:1 - - [01/Dec/2022:18:56:31 -0800] "GET /Assign4F HTTP/1.1" 404 713
0:0:0:0:0:0:0:1 - - [01/Dec/2022:18:56:55 -0800] "GET /Assign4F/data.json HTTP/1.1" 200 102
0:0:0:0:0:0:0:1 - - [01/Dec/2022:18:57:08 -0800] "GET /Assign4F/ HTTP/1.1" 405 725
127.0.0.1 - - [01/Dec/2022:18:58:22 -0800] "GET / HTTP/1.1" 200 11354
0:0:0:0:0:0:0:1 - - [01/Dec/2022:18:58:23 -0800] "DELETE /Assign4F/delete HTTP/1.1" 200 20
0:0:0:0:0:0:0:1 - - [01/Dec/2022:18:58:28 -0800] "GET /Assign4F/ HTTP/1.1" 405 725
0:0:0:0:0:0:0:1 - - [01/Dec/2022:18:58:32 -0800] "GET /Assign4F/data.json HTTP/1.1" 200 102
0:0:0:0:0:0:0:1 - - [01/Dec/2022:18:58:40 -0800] "DELETE /Assign4F/delete HTTP/1.1" 200 20
127.0.0.1 - - [01/Dec/2022:18:59:27 -0800] "GET / HTTP/1.1" 200 11354
0:0:0:0:0:0:0:1 - - [01/Dec/2022:18:59:32 -0800] "DELETE /Assign4F/delete HTTP/1.1" 204 -
0:0:0:0:0:0:0:1 - - [01/Dec/2022:18:59:42 -0800] "GET /Assign4F// HTTP/1.1" 200 102
0:0:0:0:0:0:0:1 - - [01/Dec/2022:18:59:54 -0800] "DELETE /Assign4F/delete HTTP/1.1" 200 20
127.0.0.1 - - [01/Dec/2022:19:00:22 -0800] "GET / HTTP/1.1" 200 11354
0:0:0:0:0:0:0:1 - - [01/Dec/2022:19:00:23 -0800] "DELETE /Assign4F/delete HTTP/1.1" 204 -
0:0:0:0:0:0:0:1 - - [01/Dec/2022:19:00:30 -0800] "GET /Assign4F/default HTTP/1.1" 200 102
0:0:0:0:0:0:0:1 - - [01/Dec/2022:19:00:34 -0800] "GET /Assign4F/test HTTP/1.1" 200 1510
0:0:0:0:0:0:0:1 - - [01/Dec/2022:19:02:00 -0800] "GET /Assign4F/assign4.jsp HTTP/1.1" 500 6198
0:0:0:0:0:0:0:1 - - [01/Dec/2022:19:03:15 -0800] "GET /Assign4F/assign4.jsp HTTP/1.1" 500 6198
127.0.0.1 - - [01/Dec/2022:19:04:38 -0800] "GET / HTTP/1.1" 200 11354
0:0:0:0:0:0:0:1 - - [01/Dec/2022:19:04:41 -0800] "GET /Assign4F/upload/assign4.jsp HTTP/1.1" 404 713
0:0:0:0:0:0:0:1 - - [01/Dec/2022:19:04:45 -0800] "GET /Assign4F/upload/assign4.jsp HTTP/1.1" 404 713
0:0:0:0:0:0:0:1 - - [01/Dec/2022:19:04:48 -0800] "GET /Assign4F/upload HTTP/1.1" 405 725
0:0:0:0:0:0:0:1 - - [01/Dec/2022:19:07:33 -0800] "GET /Assign4F/upload HTTP/1.1" 405 725
0:0:0:0:0:0:0:1 - - [01/Dec/2022:19:07:41 -0800] "GET /Assign4F/upload HTTP/1.1" 405 725
0:0:0:0:0:0:0:1 - - [01/Dec/2022:19:07:46 -0800] "GET /Assign4F/upload/assign4.jsp HTTP/1.1" 404 713
0:0:0:0:0:0:0:1 - - [01/Dec/2022:19:12:54 -0800] "GET /Assign4F/upload/assign4.jsp HTTP/1.1" 404 713
0:0:0:0:0:0:0:1 - - [01/Dec/2022:19:12:58 -0800] "GET /Assign4F/upload HTTP/1.1" 405 725
0:0:0:0:0:0:0:1 - - [01/Dec/2022:19:13:25 -0800] "GET /Assign4F/ HTTP/1.1" 404 713
0:0:0:0:0:0:0:1 - - [01/Dec/2022:19:16:18 -0800] "POST /Assign4F/upload HTTP/1.1" 400 795
0:0:0:0:0:0:0:1 - - [01/Dec/2022:19:16:22 -0800] "POST /Assign4F/upload HTTP/1.1" 400 795
0:0:0:0:0:0:0:1 - - [01/Dec/2022:19:16:31 -0800] "POST /Assign4F/upload/assign4.jsp HTTP/1.1" 404 713
0:0:0:0:0:0:0:1 - - [01/Dec/2022:19:29:42 -0800] "GET /Assign4F/upload HTTP/1.1" 405 725
0:0:0:0:0:0:0:1 - - [01/Dec/2022:19:29:50 -0800] "POST /Assign4F/upload HTTP/1.1" 400 795
127.0.0.1 - - [01/Dec/2022:19:32:17 -0800] "GET / HTTP/1.1" 200 11354
0:0:0:0:0:0:0:1 - - [01/Dec/2022:19:33:51 -0800] "GET /Assign4F/upload HTTP/1.1" 405 725
0:0:0:0:0:0:0:1 - - [01/Dec/2022:19:34:00 -0800] "GET /Assign4F/upload/assign4.jsp HTTP/1.1" 404 713
0:0:0:0:0:0:0:1 - - [01/Dec/2022:19:35:32 -0800] "GET /Assign4F/upload/assign4.jsp HTTP/1.1" 404 713
0:0:0:0:0:0:0:1 - - [01/Dec/2022:19:35:38 -0800] "GET /Assign4F/upload/assign4.jsp HTTP/1.1" 404 713
0:0:0:0:0:0:0:1 - - [01/Dec/2022:19:35:41 -0800] "GET /Assign4F/upload HTTP/1.1" 405 725
0:0:0:0:0:0:0:1 - - [01/Dec/2022:19:35:47 -0800] "POST /Assign4F/upload HTTP/1.1" 400 795
127.0.0.1 - - [01/Dec/2022:19:37:18 -0800] "GET / HTTP/1.1" 200 11354
0:0:0:0:0:0:0:1 - - [01/Dec/2022:19:37:54 -0800] "GET /Assign4F/upload HTTP/1.1" 405 725
0:0:0:0:0:0:0:1 - - [01/Dec/2022:19:37:59 -0800] "GET /Assign4F/upload/assign4.jsp HTTP/1.1" 404 713
127.0.0.1 - - [01/Dec/2022:19:38:38 -0800] "GET / HTTP/1.1" 200 11354
0:0:0:0:0:0:0:1 - - [01/Dec/2022:19:38:43 -0800] "GET /Assign4F/upload/assign4.jsp HTTP/1.1" 404 713
0:0:0:0:0:0:0:1 - - [01/Dec/2022:19:38:46 -0800] "GET /Assign4F/upload HTTP/1.1" 405 725
0:0:0:0:0:0:0:1 - - [01/Dec/2022:19:39:25 -0800] "GET /Assign4F/upload HTTP/1.1" 405 725
0:0:0:0:0:0:0:1 - - [01/Dec/2022:19:39:35 -0800] "GET /Assign4F/upload/assign4.jsp HTTP/1.1" 404 713
0:0:0:0:0:0:0:1 - - [01/Dec/2022:19:42:37 -0800] "GET /Assign4F/upload HTTP/1.1" 405 725
0:0:0:0:0:0:0:1 - - [01/Dec/2022:19:43:13 -0800] "POST /Assign4F/upload%0A HTTP/1.1" 405 725
0:0:0:0:0:0:0:1 - - [01/Dec/2022:19:43:22 -0800] "POST /Assign4F/upload/assign4.jsp%0A HTTP/1.1" 404 713
0:0:0:0:0:0:0:1 - - [01/Dec/2022:19:44:30 -0800] "GET /Assign4F/upload HTTP/1.1" 405 725
127.0.0.1 - - [01/Dec/2022:19:44:30 -0800] "GET / HTTP/1.1" 200 11354
0:0:0:0:0:0:0:1 - - [01/Dec/2022:19:44:48 -0800] "GET /Assign4F/upload/assign4.jsp HTTP/1.1" 404 713
0:0:0:0:0:0:0:1 - - [01/Dec/2022:19:44:55 -0800] "POST /Assign4F/upload%0A HTTP/1.1" 405 725
127.0.0.1 - - [01/Dec/2022:19:45:57 -0800] "GET / HTTP/1.1" 200 11354
0:0:0:0:0:0:0:1 - - [01/Dec/2022:19:46:12 -0800] "GET /Assign4F/upload HTTP/1.1" 405 725
0:0:0:0:0:0:0:1 - - [01/Dec/2022:19:46:17 -0800] "GET /Assign4F/upload/assign4.jsp HTTP/1.1" 404 713
0:0:0:0:0:0:0:1 - - [01/Dec/2022:19:46:27 -0800] "POST /Assign4F/upload%0A HTTP/1.1" 405 725
0:0:0:0:0:0:0:1 - - [01/Dec/2022:19:51:45 -0800] "GET /assign4.jsp HTTP/1.1" 404 741
0:0:0:0:0:0:0:1 - - [01/Dec/2022:19:51:54 -0800] "GET /Assign4F/assign4.jsp HTTP/1.1" 500 6198
0:0:0:0:0:0:0:1 - - [01/Dec/2022:19:52:10 -0800] "GET /assign4.jsp HTTP/1.1" 404 741
0:0:0:0:0:0:0:1 - - [01/Dec/2022:19:52:21 -0800] "GET /upload/assign4.jsp HTTP/1.1" 404 752
0:0:0:0:0:0:0:1 - - [01/Dec/2022:19:52:37 -0800] "GET /C:/Users/nazimz/eclipse-workspace/Assign4F/src/main/webapp HTTP/1.1" 404 837
0:0:0:0:0:0:0:1 - - [01/Dec/2022:19:52:44 -0800] "GET /C:/Users/nazimz/eclipse-workspace/Assign4F/src/main/webapp/assign4.jsp HTTP/1.1" 404 832
0:0:0:0:0:0:0:1 - - [01/Dec/2022:20:00:54 -0800] "GET /Assign4F/assign4.jsp HTTP/1.1" 500 6198
127.0.0.1 - - [01/Dec/2022:20:05:15 -0800] "GET / HTTP/1.1" 200 11354
0:0:0:0:0:0:0:1 - - [01/Dec/2022:20:05:18 -0800] "GET /Assign4F/file/upload HTTP/1.1" 404 713
0:0:0:0:0:0:0:1 - - [01/Dec/2022:20:05:33 -0800] "GET /Assign4F/file/upload/assign4.jsp HTTP/1.1" 404 713
0:0:0:0:0:0:0:1 - - [01/Dec/2022:20:05:36 -0800] "GET /Assign4F/file HTTP/1.1" 500 6170
0:0:0:0:0:0:0:1 - - [01/Dec/2022:20:05:55 -0800] "GET /Assign4F/file/upload HTTP/1.1" 404 713
0:0:0:0:0:0:0:1 - - [01/Dec/2022:20:06:08 -0800] "POST /Assign4F/file/upload%0A HTTP/1.1" 404 713
127.0.0.1 - - [01/Dec/2022:20:06:50 -0800] "GET / HTTP/1.1" 200 11354
0:0:0:0:0:0:0:1 - - [01/Dec/2022:20:06:53 -0800] "GET /Assign4F/file/upload HTTP/1.1" 405 725
0:0:0:0:0:0:0:1 - - [01/Dec/2022:20:07:00 -0800] "GET /Assign4F/file/upload/assign4.jsp HTTP/1.1" 404 713
0:0:0:0:0:0:0:1 - - [01/Dec/2022:20:07:05 -0800] "POST /Assign4F/file/upload%0A HTTP/1.1" 404 713
0:0:0:0:0:0:0:1 - - [01/Dec/2022:20:07:37 -0800] "GET /Assign4F/file/upload HTTP/1.1" 405 725
0:0:0:0:0:0:0:1 - - [01/Dec/2022:20:08:01 -0800] "GET /Assign4F/file/upload HTTP/1.1" 405 725
0:0:0:0:0:0:0:1 - - [01/Dec/2022:20:08:23 -0800] "GET /Assign4F/file/upload/assign4.jsp HTTP/1.1" 404 713
0:0:0:0:0:0:0:1 - - [01/Dec/2022:20:11:25 -0800] "GET /Assign4F/file/upload%0A HTTP/1.1" 404 713
0:0:0:0:0:0:0:1 - - [01/Dec/2022:20:11:28 -0800] "POST /Assign4F/file/upload%0A HTTP/1.1" 404 713
0:0:0:0:0:0:0:1 - - [01/Dec/2022:20:11:29 -0800] "POST /Assign4F/file/upload%0A HTTP/1.1" 404 713
0:0:0:0:0:0:0:1 - - [01/Dec/2022:20:11:39 -0800] "POST /Assign4F/file/upload/assign4.jsp%0A HTTP/1.1" 404 713
127.0.0.1 - - [01/Dec/2022:20:12:10 -0800] "GET / HTTP/1.1" 200 11354
0:0:0:0:0:0:0:1 - - [01/Dec/2022:20:12:13 -0800] "GET /Assign4F/test HTTP/1.1" 200 1510
0:0:0:0:0:0:0:1 - - [01/Dec/2022:20:13:57 -0800] "POST /Assign4F/add HTTP/1.1" 200 26
0:0:0:0:0:0:0:1 - - [01/Dec/2022:20:14:01 -0800] "GET /Assign4F/test HTTP/1.1" 200 1663
127.0.0.1 - - [01/Dec/2022:23:31:06 -0800] "GET / HTTP/1.1" 200 11354
